// Jest Snapshot v1, https://goo.gl/fbAQLP

exports[`Sql search by type-specific filters supports dapp and function filters 1`] = `"select \\"height\\", \\"tx_type\\", \\"id\\", \\"time_stamp\\", \\"signature\\", \\"proofs\\", \\"tx_version\\", \\"sender\\", \\"sender_public_key\\", \\"dapp\\", \\"function_name\\", \\"arg_type\\", \\"arg_value_integer\\", \\"arg_value_boolean\\", \\"arg_value_binary\\", \\"arg_value_string\\", \\"position_in_args\\", \\"amount\\", \\"position_in_payment\\", amount * 10^(case when txs.asset_id is null then -8 else -p_dec.decimals end) as \\"amount\\", \\"txs\\".\\"asset_id\\" as \\"asset_id\\", fee * 10^(-8) as \\"fee\\" from (select * from \\"txs_16\\" as \\"t\\" left join \\"txs_16_args\\" as \\"a\\" on \\"a\\".\\"tx_id\\" = \\"t\\".\\"id\\" left join \\"txs_16_payment\\" as \\"p\\" on \\"p\\".\\"tx_id\\" = \\"t\\".\\"id\\") as \\"txs\\" left join \\"asset_decimals\\" as \\"p_dec\\" on \\"p_dec\\".\\"asset_id\\" = \\"txs\\".\\"asset_id\\" where \\"id\\" in (select \\"id\\" from (select \\"id\\" from \\"txs_16\\" where \\"dapp\\" = 'b3N92gNUHh6jnZmZtdgECTm3cNAZb1Zei6Ve' and \\"function_name\\" = 'deposit' order by \\"time_stamp\\" desc, \\"id\\" desc limit 100) as \\"filtered\\") order by \\"time_stamp\\" desc, \\"id\\" desc"`;

exports[`Sql search by type-specific filters supports dapp filter 1`] = `"select \\"height\\", \\"tx_type\\", \\"id\\", \\"time_stamp\\", \\"signature\\", \\"proofs\\", \\"tx_version\\", \\"sender\\", \\"sender_public_key\\", \\"dapp\\", \\"function_name\\", \\"arg_type\\", \\"arg_value_integer\\", \\"arg_value_boolean\\", \\"arg_value_binary\\", \\"arg_value_string\\", \\"position_in_args\\", \\"amount\\", \\"position_in_payment\\", amount * 10^(case when txs.asset_id is null then -8 else -p_dec.decimals end) as \\"amount\\", \\"txs\\".\\"asset_id\\" as \\"asset_id\\", fee * 10^(-8) as \\"fee\\" from (select * from \\"txs_16\\" as \\"t\\" left join \\"txs_16_args\\" as \\"a\\" on \\"a\\".\\"tx_id\\" = \\"t\\".\\"id\\" left join \\"txs_16_payment\\" as \\"p\\" on \\"p\\".\\"tx_id\\" = \\"t\\".\\"id\\") as \\"txs\\" left join \\"asset_decimals\\" as \\"p_dec\\" on \\"p_dec\\".\\"asset_id\\" = \\"txs\\".\\"asset_id\\" where \\"id\\" in (select \\"id\\" from (select \\"id\\" from \\"txs_16\\" where \\"dapp\\" = '3N92gNUHh6jnZmZtdgECTm3cNAZb1Zei6Ve' order by \\"time_stamp\\" desc, \\"id\\" desc limit 100) as \\"filtered\\") order by \\"time_stamp\\" desc, \\"id\\" desc"`;

exports[`Sql search by type-specific filters supports function filter 1`] = `"select \\"height\\", \\"tx_type\\", \\"id\\", \\"time_stamp\\", \\"signature\\", \\"proofs\\", \\"tx_version\\", \\"sender\\", \\"sender_public_key\\", \\"dapp\\", \\"function_name\\", \\"arg_type\\", \\"arg_value_integer\\", \\"arg_value_boolean\\", \\"arg_value_binary\\", \\"arg_value_string\\", \\"position_in_args\\", \\"amount\\", \\"position_in_payment\\", amount * 10^(case when txs.asset_id is null then -8 else -p_dec.decimals end) as \\"amount\\", \\"txs\\".\\"asset_id\\" as \\"asset_id\\", fee * 10^(-8) as \\"fee\\" from (select * from \\"txs_16\\" as \\"t\\" left join \\"txs_16_args\\" as \\"a\\" on \\"a\\".\\"tx_id\\" = \\"t\\".\\"id\\" left join \\"txs_16_payment\\" as \\"p\\" on \\"p\\".\\"tx_id\\" = \\"t\\".\\"id\\") as \\"txs\\" left join \\"asset_decimals\\" as \\"p_dec\\" on \\"p_dec\\".\\"asset_id\\" = \\"txs\\".\\"asset_id\\" where \\"id\\" in (select \\"id\\" from (select \\"id\\" from \\"txs_16\\" where \\"function_name\\" = 'deposit' order by \\"time_stamp\\" desc, \\"id\\" desc limit 100) as \\"filtered\\") order by \\"time_stamp\\" desc, \\"id\\" desc"`;
