// Jest Snapshot v1, https://goo.gl/fbAQLP

exports[`Sql search by type-specific filters supports recipient filter 1`] = `"select \\"t\\".\\"height\\" as \\"height\\", \\"t\\".\\"tx_type\\" as \\"tx_type\\", \\"t\\".\\"id\\" as \\"id\\", \\"t\\".\\"time_stamp\\" as \\"time_stamp\\", \\"t\\".\\"signature\\" as \\"signature\\", \\"t\\".\\"proofs\\" as \\"proofs\\", \\"t\\".\\"tx_version\\" as \\"tx_version\\", t.fee * 10^(-8) as \\"fee\\", \\"t\\".\\"sender\\" as \\"sender\\", \\"t\\".\\"sender_public_key\\" as \\"sender_public_key\\", t.amount * 10^(-8) as \\"amount\\", \\"t\\".\\"recipient\\" as \\"recipient\\" from \\"txs_8\\" as \\"t\\" where \\"recipient\\" = 'recipient'"`;
