// Jest Snapshot v1, https://goo.gl/fbAQLP

exports[`pairs daemon sql test fill table 1`] = `"insert into \\"pairs\\" with \\"pairs_cte\\" as (select \\"amount_asset\\" as \\"amount_asset_id\\", \\"price_asset\\" as \\"price_asset_id\\", (array_agg(e.price * 10 ^(-8 - p_dec.decimals + a_dec.decimals) ORDER BY e.time_stamp DESC)::numeric[])[1] as \\"last_price\\", (array_agg(e.price * 10 ^(-8 - p_dec.decimals + a_dec.decimals) ORDER BY e.time_stamp)::numeric[])[1] as \\"first_price\\", sum(e.amount * 10 ^(-a_dec.decimals)) as \\"volume\\", sum(e.amount * 10 ^(-a_dec.decimals) * e.price * 10 ^(-8 - p_dec.decimals + a_dec.decimals)) as \\"quote_volume\\", sum(e.amount * 10 ^(-a_dec.decimals) * e.price * 10 ^(-8 - p_dec.decimals + a_dec.decimals))/ sum(e.amount * 10 ^(-a_dec.decimals)) as \\"weighted_average_price\\", case when amount_asset = 'TAC' then sum(e.amount * 10 ^(-a_dec.decimals)) when price_asset = 'TAC' then sum(e.amount * 10 ^(-a_dec.decimals) * e.price * 10 ^(-8 - p_dec.decimals + a_dec.decimals)) end as \\"volume_waves\\", max(e.price * 10 ^(-8 - p_dec.decimals + a_dec.decimals)) as \\"high\\", min(e.price * 10 ^(-8 - p_dec.decimals + a_dec.decimals)) as \\"low\\", count(e.price) as \\"txs_count\\", \\"sender\\" as \\"matcher\\" from (select \\"price_asset\\", \\"amount_asset\\", \\"amount\\", \\"price\\", \\"time_stamp\\", \\"sender\\" from \\"txs_7\\" where time_stamp >= now() - interval '1 day' order by \\"time_stamp\\" desc) as \\"e\\" inner join \\"asset_decimals\\" as \\"a_dec\\" on \\"e\\".\\"amount_asset\\" = \\"a_dec\\".\\"asset_id\\" inner join \\"asset_decimals\\" as \\"p_dec\\" on \\"e\\".\\"price_asset\\" = \\"p_dec\\".\\"asset_id\\" group by \\"amount_asset\\", \\"price_asset\\", \\"sender\\") select \\"p\\".\\"amount_asset_id\\", \\"p\\".\\"price_asset_id\\", \\"p\\".\\"first_price\\", \\"p\\".\\"last_price\\", \\"p\\".\\"volume\\", coalesce(p.volume_waves, p.quote_volume / p1.weighted_average_price, p.quote_volume * p2.weighted_average_price) as \\"volume_waves\\", \\"p\\".\\"quote_volume\\", \\"p\\".\\"high\\", \\"p\\".\\"low\\", \\"p\\".\\"weighted_average_price\\", \\"p\\".\\"txs_count\\", \\"p\\".\\"matcher\\" from \\"pairs_cte\\" as \\"p\\" left join \\"pairs_cte\\" as \\"p1\\" on p1.amount_asset_id='TAC' and \\"p1\\".\\"price_asset_id\\" = \\"p\\".\\"price_asset_id\\" and \\"p1\\".\\"matcher\\" = \\"p\\".\\"matcher\\" left join \\"pairs_cte\\" as \\"p2\\" on p2.price_asset_id='TAC' and \\"p2\\".\\"amount_asset_id\\" = \\"p\\".\\"price_asset_id\\" and \\"p2\\".\\"matcher\\" = \\"p\\".\\"matcher\\""`;
